Archive member included to satisfy reference by file (symbol)

/home/chino/.cache/arduino/cores/b33ea8f076ba2621fc385f50ce94a4a2/core.a(HardwareSerial.cpp.o)
                              (--whole-archive)
/home/chino/.cache/arduino/cores/b33ea8f076ba2621fc385f50ce94a4a2/core.a(HardwareTimer.cpp.o)
                              (--whole-archive)
/home/chino/.cache/arduino/cores/b33ea8f076ba2621fc385f50ce94a4a2/core.a(IPAddress.cpp.o)
                              (--whole-archive)
/home/chino/.cache/arduino/cores/b33ea8f076ba2621fc385f50ce94a4a2/core.a(Print.cpp.o)
                              (--whole-archive)
/home/chino/.cache/arduino/cores/b33ea8f076ba2621fc385f50ce94a4a2/core.a(Stream.cpp.o)
                              (--whole-archive)
/home/chino/.cache/arduino/cores/b33ea8f076ba2621fc385f50ce94a4a2/core.a(Tone.cpp.o)
                              (--whole-archive)
/home/chino/.cache/arduino/cores/b33ea8f076ba2621fc385f50ce94a4a2/core.a(WInterrupts.cpp.o)
                              (--whole-archive)
/home/chino/.cache/arduino/cores/b33ea8f076ba2621fc385f50ce94a4a2/core.a(WMath.cpp.o)
                              (--whole-archive)
/home/chino/.cache/arduino/cores/b33ea8f076ba2621fc385f50ce94a4a2/core.a(WString.cpp.o)
                              (--whole-archive)
/home/chino/.cache/arduino/cores/b33ea8f076ba2621fc385f50ce94a4a2/core.a(abi.cpp.o)
                              (--whole-archive)
/home/chino/.cache/arduino/cores/b33ea8f076ba2621fc385f50ce94a4a2/core.a(dtostrf.c.o)
                              (--whole-archive)
/home/chino/.cache/arduino/cores/b33ea8f076ba2621fc385f50ce94a4a2/core.a(board.c.o)
                              (--whole-archive)
/home/chino/.cache/arduino/cores/b33ea8f076ba2621fc385f50ce94a4a2/core.a(PortNames.c.o)
                              (--whole-archive)
/home/chino/.cache/arduino/cores/b33ea8f076ba2621fc385f50ce94a4a2/core.a(analog.cpp.o)
                              (--whole-archive)
/home/chino/.cache/arduino/cores/b33ea8f076ba2621fc385f50ce94a4a2/core.a(ch32_def.c.o)
                              (--whole-archive)
/home/chino/.cache/arduino/cores/b33ea8f076ba2621fc385f50ce94a4a2/core.a(clock.c.o)
                              (--whole-archive)
/home/chino/.cache/arduino/cores/b33ea8f076ba2621fc385f50ce94a4a2/core.a(hw_config.c.o)
                              (--whole-archive)
/home/chino/.cache/arduino/cores/b33ea8f076ba2621fc385f50ce94a4a2/core.a(interrupt.cpp.o)
                              (--whole-archive)
/home/chino/.cache/arduino/cores/b33ea8f076ba2621fc385f50ce94a4a2/core.a(ch32yyxx_adc.c.o)
                              (--whole-archive)
/home/chino/.cache/arduino/cores/b33ea8f076ba2621fc385f50ce94a4a2/core.a(ch32yyxx_bkp.c.o)
                              (--whole-archive)
/home/chino/.cache/arduino/cores/b33ea8f076ba2621fc385f50ce94a4a2/core.a(ch32yyxx_can.c.o)
                              (--whole-archive)
/home/chino/.cache/arduino/cores/b33ea8f076ba2621fc385f50ce94a4a2/core.a(ch32yyxx_crc.c.o)
                              (--whole-archive)
/home/chino/.cache/arduino/cores/b33ea8f076ba2621fc385f50ce94a4a2/core.a(ch32yyxx_dac.c.o)
                              (--whole-archive)
/home/chino/.cache/arduino/cores/b33ea8f076ba2621fc385f50ce94a4a2/core.a(ch32yyxx_dbgmcu.c.o)
                              (--whole-archive)
/home/chino/.cache/arduino/cores/b33ea8f076ba2621fc385f50ce94a4a2/core.a(ch32yyxx_debug.c.o)
                              (--whole-archive)
/home/chino/.cache/arduino/cores/b33ea8f076ba2621fc385f50ce94a4a2/core.a(ch32yyxx_dma.c.o)
                              (--whole-archive)
/home/chino/.cache/arduino/cores/b33ea8f076ba2621fc385f50ce94a4a2/core.a(ch32yyxx_dvp.c.o)
                              (--whole-archive)
/home/chino/.cache/arduino/cores/b33ea8f076ba2621fc385f50ce94a4a2/core.a(ch32yyxx_eth.c.o)
                              (--whole-archive)
/home/chino/.cache/arduino/cores/b33ea8f076ba2621fc385f50ce94a4a2/core.a(ch32yyxx_exti.c.o)
                              (--whole-archive)
/home/chino/.cache/arduino/cores/b33ea8f076ba2621fc385f50ce94a4a2/core.a(ch32yyxx_flash.c.o)
                              (--whole-archive)
/home/chino/.cache/arduino/cores/b33ea8f076ba2621fc385f50ce94a4a2/core.a(ch32yyxx_fsmc.c.o)
                              (--whole-archive)
/home/chino/.cache/arduino/cores/b33ea8f076ba2621fc385f50ce94a4a2/core.a(ch32yyxx_gpio.c.o)
                              (--whole-archive)
/home/chino/.cache/arduino/cores/b33ea8f076ba2621fc385f50ce94a4a2/core.a(ch32yyxx_i2c.c.o)
                              (--whole-archive)
/home/chino/.cache/arduino/cores/b33ea8f076ba2621fc385f50ce94a4a2/core.a(ch32yyxx_it.c.o)
                              (--whole-archive)
/home/chino/.cache/arduino/cores/b33ea8f076ba2621fc385f50ce94a4a2/core.a(ch32yyxx_iwdg.c.o)
                              (--whole-archive)
/home/chino/.cache/arduino/cores/b33ea8f076ba2621fc385f50ce94a4a2/core.a(ch32yyxx_lptim.c.o)
[...]
Memory Configuration

Name             Origin             Length             Attributes
FLASH            0x0000000000000000 0x0000000000004000 xr
RAM              0x0000000020000000 0x0000000000000800 xrw
*default*        0x0000000000000000 0xffffffffffffffff

Linker script and memory map

                0x0000000000004000                __FLASH_SIZE = 0x4000
                0x0000000000000800                __RAM_SIZE = 0x800
START GROUP
LOAD /home/chino/.cache/arduino/sketches/D77CAF109899A98B090BBED102B10B57/sketch/Blink.ino.cpp.o
LOAD /home/chino/.cache/arduino/sketches/D77CAF109899A98B090BBED102B10B57/core/PeripheralPins.c.o
LOAD /home/chino/.cache/arduino/sketches/D77CAF109899A98B090BBED102B10B57/core/variant_CH32V003F4.cpp.o
LOAD /home/chino/.arduino15/packages/UIAP/tools/riscv-none-embed-gcc/8.2.0/bin/../lib/gcc/riscv-none-embed/8.2.0/../../../../riscv-none-embed/lib/rv32ecxw/ilp32e/libprintf.a
LOAD /home/chino/.cache/arduino/cores/b33ea8f076ba2621fc385f50ce94a4a2/core.a
END GROUP
LOAD /home/chino/.arduino15/packages/UIAP/tools/riscv-none-embed-gcc/8.2.0/bin/../lib/gcc/riscv-none-embed/8.2.0/../../../../riscv-none-embed/lib/rv32ecxw/ilp32e/libstdc++_nano.a
LOAD /home/chino/.arduino15/packages/UIAP/tools/riscv-none-embed-gcc/8.2.0/bin/../lib/gcc/riscv-none-embed/8.2.0/../../../../riscv-none-embed/lib/rv32ecxw/ilp32e/libm.a
LOAD /home/chino/.arduino15/packages/UIAP/tools/riscv-none-embed-gcc/8.2.0/bin/../lib/gcc/riscv-none-embed/8.2.0/../../../../riscv-none-embed/lib/rv32ecxw/ilp32e/libc_nano.a
LOAD /home/chino/.arduino15/packages/UIAP/tools/riscv-none-embed-gcc/8.2.0/bin/../lib/gcc/riscv-none-embed/8.2.0/rv32ecxw/ilp32e/libgcc.a
LOAD /home/chino/.arduino15/packages/UIAP/tools/riscv-none-embed-gcc/8.2.0/bin/../lib/gcc/riscv-none-embed/8.2.0/../../../../riscv-none-embed/lib/rv32ecxw/ilp32e/libc_nano.a
LOAD /home/chino/.arduino15/packages/UIAP/tools/riscv-none-embed-gcc/8.2.0/bin/../lib/gcc/riscv-none-embed/8.2.0/rv32ecxw/ilp32e/libgcc.a
START GROUP
LOAD /home/chino/.arduino15/packages/UIAP/tools/riscv-none-embed-gcc/8.2.0/bin/../lib/gcc/riscv-none-embed/8.2.0/rv32ecxw/ilp32e/libgcc.a
LOAD /home/chino/.arduino15/packages/UIAP/tools/riscv-none-embed-gcc/8.2.0/bin/../lib/gcc/riscv-none-embed/8.2.0/../../../../riscv-none-embed/lib/rv32ecxw/ilp32e/libc_nano.a
LOAD /home/chino/.arduino15/packages/UIAP/tools/riscv-none-embed-gcc/8.2.0/bin/../lib/gcc/riscv-none-embed/8.2.0/../../../../riscv-none-embed/lib/rv32ecxw/ilp32e/libnosys.a
END GROUP
START GROUP
LOAD /home/chino/.arduino15/packages/UIAP/tools/riscv-none-embed-gcc/8.2.0/bin/../lib/gcc/riscv-none-embed/8.2.0/rv32ecxw/ilp32e/libgcc.a
LOAD /home/chino/.arduino15/packages/UIAP/tools/riscv-none-embed-gcc/8.2.0/bin/../lib/gcc/riscv-none-embed/8.2.0/../../../../riscv-none-embed/lib/rv32ecxw/ilp32e/libc_nano.a
LOAD /home/chino/.arduino15/packages/UIAP/tools/riscv-none-embed-gcc/8.2.0/bin/../lib/gcc/riscv-none-embed/8.2.0/../../../../riscv-none-embed/lib/rv32ecxw/ilp32e/libnosys.a
END GROUP
                0x00000000000001c0                __stack_size = 0x1c0
                [!provide]                        PROVIDE (_stack_size = __stack_size)

.init           0x0000000000000000       0xa0
                0x0000000000000000                _sinit = .
                0x0000000000000000                . = ALIGN (0x4)
 *(SORT_NONE(.init))
 .init          0x0000000000000000       0x9e /home/chino/.cache/arduino/cores/b33ea8f076ba2621fc385f50ce94a4a2/core.a(startup_ch32yyxx.S.o)
                0x0000000000000000                _start
                0x00000000000000a0                . = ALIGN (0x4)
 *fill*         0x000000000000009e        0x2 
                0x00000000000000a0                _einit = .

.text           0x00000000000000a0     0x1a3c
                0x00000000000000a0                . = ALIGN (0x4)
 *(.text)
 .text          0x00000000000000a0       0x14 /home/chino/.arduino15/packages/UIAP/tools/riscv-none-embed-gcc/8.2.0/bin/../lib/gcc/riscv-none-embed/8.2.0/rv32ecxw/ilp32e/libgcc.a(save-restore.o)
                0x00000000000000a0                __riscv_save_1
                0x00000000000000a0                __riscv_save_2
                0x00000000000000a0                __riscv_save_0
                0x00000000000000aa                __riscv_restore_2
                0x00000000000000aa                __riscv_restore_0
                0x00000000000000aa                __riscv_restore_1
 .text          0x00000000000000b4       0x7e /home/chino/.arduino15/packages/UIAP/tools/riscv-none-embed-gcc/8.2.0/bin/../lib/gcc/riscv-none-embed/8.2.0/rv32ecxw/ilp32e/libgcc.a(div.o)
                0x00000000000000b4                __divsi3
                0x00000000000000bc                __udivsi3
                0x00000000000000e8                __umodsi3
                0x000000000000010c                __modsi3
 *(.text.*)
 .text.setup    0x0000000000000132        0xe /home/chino/.cache/arduino/sketches/D77CAF109899A98B090BBED102B10B57/sketch/Blink.ino.cpp.o
                0x0000000000000132                setup
 .text.loop     0x0000000000000140       0x26 /home/chino/.cache/arduino/sketches/D77CAF109899A98B090BBED102B10B57/sketch/Blink.ino.cpp.o
                0x0000000000000140                loop
 .text._ZN5Print17availableForWriteEv
                0x0000000000000166        0x4 /home/chino/.cache/arduino/cores/b33ea8f076ba2621fc385f50ce94a4a2/core.a(HardwareSerial.cpp.o)
                0x0000000000000166                Print::availableForWrite()
 .text._ZN5Print5flushEv
                0x000000000000016a        0x2 /home/chino/.cache/arduino/cores/b33ea8f076ba2621fc385f50ce94a4a2/core.a(HardwareSerial.cpp.o)
                0x000000000000016a                Print::flush()
 .text._ZN14HardwareSerial9availableEv
                0x000000000000016c        0x4 /home/chino/.cache/arduino/cores/b33ea8f076ba2621fc385f50ce94a4a2/core.a(HardwareSerial.cpp.o)
                0x000000000000016c                HardwareSerial::peek()
                0x000000000000016c                HardwareSerial::available()
 .text._ZN14HardwareSerial5writeEh
                0x0000000000000170       0x18 /home/chino/.cache/arduino/cores/b33ea8f076ba2621fc385f50ce94a4a2/core.a(HardwareSerial.cpp.o)
                0x0000000000000170                HardwareSerial::write(unsigned char)
 .text._ZN14HardwareSerial4readEv
                0x0000000000000188       0x1c /home/chino/.cache/arduino/cores/b33ea8f076ba2621fc385f50ce94a4a2/core.a(HardwareSerial.cpp.o)
                0x0000000000000188                HardwareSerial::read()
 .text._ZN14HardwareSerial5writeEPKhj
                0x00000000000001a4        0xe /home/chino/.cache/arduino/cores/b33ea8f076ba2621fc385f50ce94a4a2/core.a(HardwareSerial.cpp.o)
                0x00000000000001a4                HardwareSerial::write(unsigned char const*, unsigned int)
 .text._ZN14HardwareSerial5setRxEm
                0x00000000000001b2       0x58 /home/chino/.cache/arduino/cores/b33ea8f076ba2621fc385f50ce94a4a2/core.a(HardwareSerial.cpp.o)
                0x00000000000001b2                HardwareSerial::setRx(unsigned long)
 .text._ZN14HardwareSerial5setTxEm
                0x000000000000020a       0x58 /home/chino/.cache/arduino/cores/b33ea8f076ba2621fc385f50ce94a4a2/core.a(HardwareSerial.cpp.o)
                0x000000000000020a                HardwareSerial::setTx(unsigned long)
 .text._ZN14HardwareSerialC2EPv
                0x0000000000000262       0x3c /home/chino/.cache/arduino/cores/b33ea8f076ba2621fc385f50ce94a4a2/core.a(HardwareSerial.cpp.o)
                0x0000000000000262                HardwareSerial::HardwareSerial(void*)
                0x0000000000000262                HardwareSerial::HardwareSerial(void*)
 .text.startup._GLOBAL__sub_I__ZN14HardwareSerialC2EPv
                0x000000000000029e       0x14 /home/chino/.cache/arduino/cores/b33ea8f076ba2621fc385f50ce94a4a2/core.a(HardwareSerial.cpp.o)
 .text._ZNSt8functionIFvvEEaSEDn.isra.3
                0x00000000000002b2       0x1c /home/chino/.cache/arduino/cores/b33ea8f076ba2621fc385f50ce94a4a2/core.a(HardwareTimer.cpp.o)
 .text._ZNSt14_Function_baseD2Ev
                0x00000000000002ce       0x12 /home/chino/.cache/arduino/cores/b33ea8f076ba2621fc385f50ce94a4a2/core.a(HardwareTimer.cpp.o)
                0x00000000000002ce                std::_Function_base::~_Function_base()
                0x00000000000002ce                std::_Function_base::~_Function_base()
 .text._Z15get_timer_indexP11TIM_TypeDef
                0x00000000000002e0       0x22 /home/chino/.cache/arduino/cores/b33ea8f076ba2621fc385f50ce94a4a2/core.a(HardwareTimer.cpp.o)
                0x00000000000002e0                get_timer_index(TIM_TypeDef*)
 .text._ZN13HardwareTimerD2Ev
                0x0000000000000302       0x3a /home/chino/.cache/arduino/cores/b33ea8f076ba2621fc385f50ce94a4a2/core.a(HardwareTimer.cpp.o)
                0x0000000000000302                HardwareTimer::~HardwareTimer()
                0x0000000000000302                HardwareTimer::~HardwareTimer()
 .text._ZN13HardwareTimer5setupEP11TIM_TypeDef
                0x000000000000033c       0xa2 /home/chino/.cache/arduino/cores/b33ea8f076ba2621fc385f50ce94a4a2/core.a(HardwareTimer.cpp.o)
                0x000000000000033c                HardwareTimer::setup(TIM_TypeDef*)
 .text._ZN13HardwareTimerC2EP11TIM_TypeDef
                0x00000000000003de       0x3a /home/chino/.cache/arduino/cores/b33ea8f076ba2621fc385f50ce94a4a2/core.a(HardwareTimer.cpp.o)
                0x00000000000003de                HardwareTimer::HardwareTimer(TIM_TypeDef*)
                0x00000000000003de                HardwareTimer::HardwareTimer(TIM_TypeDef*)
 .text._ZNKSt8functionIFvvEEclEv
                0x0000000000000418       0x12 /home/chino/.cache/arduino/cores/b33ea8f076ba2621fc385f50ce94a4a2/core.a(HardwareTimer.cpp.o)
                0x0000000000000418                std::function<void ()>::operator()() const
 .text._ZN13HardwareTimer14updateCallbackEP17TIM_HandleTypeDef
                0x000000000000042a       0x34 /home/chino/.cache/arduino/cores/b33ea8f076ba2621fc385f50ce94a4a2/core.a(HardwareTimer.cpp.o)
                0x000000000000042a                HardwareTimer::updateCallback(TIM_HandleTypeDef*)
 .text.TIM1_UP_IRQHandler
                0x000000000000045e        0xe /home/chino/.cache/arduino/cores/b33ea8f076ba2621fc385f50ce94a4a2/core.a(HardwareTimer.cpp.o)
                0x000000000000045e                TIM1_UP_IRQHandler
 .text._ZN13HardwareTimer22captureCompareCallbackEP17TIM_HandleTypeDef
                0x000000000000046c       0x8a /home/chino/.cache/arduino/cores/b33ea8f076ba2621fc385f50ce94a4a2/core.a(HardwareTimer.cpp.o)
                0x000000000000046c                HardwareTimer::captureCompareCallback(TIM_HandleTypeDef*)
 .text.TIM1_CC_IRQHandler
                0x00000000000004f6        0xe /home/chino/.cache/arduino/cores/b33ea8f076ba2621fc385f50ce94a4a2/core.a(HardwareTimer.cpp.o)
                0x00000000000004f6                TIM1_CC_IRQHandler
 .text.TIM2_IRQHandler
                0x0000000000000504       0x1e /home/chino/.cache/arduino/cores/b33ea8f076ba2621fc385f50ce94a4a2/core.a(HardwareTimer.cpp.o)
                0x0000000000000504                TIM2_IRQHandler
 .text._ZN6Stream9timedReadEv
                0x0000000000000522       0x2a /home/chino/.cache/arduino/cores/b33ea8f076ba2621fc385f50ce94a4a2/core.a(Stream.cpp.o)
                0x0000000000000522                Stream::timedRead()
 .text._ZN6Stream9readBytesEPcj
                0x000000000000054c       0x2e /home/chino/.cache/arduino/cores/b33ea8f076ba2621fc385f50ce94a4a2/core.a(Stream.cpp.o)
                0x000000000000054c                Stream::readBytes(char*, unsigned int)
 .text._ZN6Stream14readBytesUntilEcPcj
                0x000000000000057a       0x3a /home/chino/.cache/arduino/cores/b33ea8f076ba2621fc385f50ce94a4a2/core.a(Stream.cpp.o)
                0x000000000000057a                Stream::readBytesUntil(char, char*, unsigned int)
 .text.pre_init
                0x00000000000005b4        0x8 /home/chino/.cache/arduino/cores/b33ea8f076ba2621fc385f50ce94a4a2/core.a(board.c.o)
                0x00000000000005b4                pre_init
 .text.set_GPIO_Port_Clock
                0x00000000000005bc       0x44 /home/chino/.cache/arduino/cores/b33ea8f076ba2621fc385f50ce94a4a2/core.a(PortNames.c.o)
                0x00000000000005bc                set_GPIO_Port_Clock
 .text.pwm_stop
                0x0000000000000600       0x6a /home/chino/.cache/arduino/cores/b33ea8f076ba2621fc385f50ce94a4a2/core.a(analog.cpp.o)
                0x0000000000000600                pwm_stop
 .text.GetTick  0x000000000000066a        0xa /home/chino/.cache/arduino/cores/b33ea8f076ba2621fc385f50ce94a4a2/core.a(clock.c.o)
                0x000000000000066a                GetTick
 .text.noOsSystickHandler
                0x0000000000000674        0x2 /home/chino/.cache/arduino/cores/b33ea8f076ba2621fc385f50ce94a4a2/core.a(clock.c.o)
                0x0000000000000674                noOsSystickHandler
                0x0000000000000674                osSystickHandler
 .text.getCurrentMillis
                0x0000000000000676        0xa /home/chino/.cache/arduino/cores/b33ea8f076ba2621fc385f50ce94a4a2/core.a(clock.c.o)
                0x0000000000000676                getCurrentMillis
 .text.SysTick_Handler
                0x0000000000000680       0x2a /home/chino/.cache/arduino/cores/b33ea8f076ba2621fc385f50ce94a4a2/core.a(clock.c.o)
                0x0000000000000680                SysTick_Handler
 .text.systick_init
                0x00000000000006aa       0x40 /home/chino/.cache/arduino/cores/b33ea8f076ba2621fc385f50ce94a4a2/core.a(hw_config.c.o)
                0x00000000000006aa                systick_init
 .text.hw_config_init
                0x00000000000006ea        0xa /home/chino/.cache/arduino/cores/b33ea8f076ba2621fc385f50ce94a4a2/core.a(hw_config.c.o)
                0x00000000000006ea                hw_config_init
 .text._Z19_gpio_exti_callbackt
                0x00000000000006f4       0x2e /home/chino/.cache/arduino/cores/b33ea8f076ba2621fc385f50ce94a4a2/core.a(interrupt.cpp.o)
                0x00000000000006f4                _gpio_exti_callback(unsigned short)
 .text.EXTI7_0_IRQHandler
                0x0000000000000722       0x2c /home/chino/.cache/arduino/cores/b33ea8f076ba2621fc385f50ce94a4a2/core.a(interrupt.cpp.o)
                0x0000000000000722                EXTI7_0_IRQHandler
 .text._sbrk    0x000000000000074e       0x26 /home/chino/.cache/arduino/cores/b33ea8f076ba2621fc385f50ce94a4a2/core.a(ch32yyxx_debug.c.o)
                0x000000000000074e                _sbrk
 .text._fini    0x0000000000000774        0x2 /home/chino/.cache/arduino/cores/b33ea8f076ba2621fc385f50ce94a4a2/core.a(ch32yyxx_debug.c.o)
                0x0000000000000774                _fini
 .text._init    0x0000000000000776        0x2 /home/chino/.cache/arduino/cores/b33ea8f076ba2621fc385f50ce94a4a2/core.a(ch32yyxx_debug.c.o)
                0x0000000000000776                _init
 .text.EXTI_GetITStatus
                0x0000000000000778       0x1e /home/chino/.cache/arduino/cores/b33ea8f076ba2621fc385f50ce94a4a2/core.a(ch32yyxx_exti.c.o)
                0x0000000000000778                EXTI_GetITStatus
 .text.EXTI_ClearITPendingBit
                0x0000000000000796        0xa /home/chino/.cache/arduino/cores/b33ea8f076ba2621fc385f50ce94a4a2/core.a(ch32yyxx_exti.c.o)
                0x0000000000000796                EXTI_ClearITPendingBit
 .text.GPIO_Init
                0x00000000000007a0       0xd6 /home/chino/.cache/arduino/cores/b33ea8f076ba2621fc385f50ce94a4a2/core.a(ch32yyxx_gpio.c.o)
                0x00000000000007a0                GPIO_Init
 .text.GPIO_SetBits
                0x0000000000000876        0x4 /home/chino/.cache/arduino/cores/b33ea8f076ba2621fc385f50ce94a4a2/core.a(ch32yyxx_gpio.c.o)
                0x0000000000000876                GPIO_SetBits
 .text.GPIO_ResetBits
                0x000000000000087a        0x4 /home/chino/.cache/arduino/cores/b33ea8f076ba2621fc385f50ce94a4a2/core.a(ch32yyxx_gpio.c.o)
                0x000000000000087a                GPIO_ResetBits
 .text.GPIO_PinRemapConfig
                0x000000000000087e       0xc4 /home/chino/.cache/arduino/cores/b33ea8f076ba2621fc385f50ce94a4a2/core.a(ch32yyxx_gpio.c.o)
                0x000000000000087e                GPIO_PinRemapConfig
 .text.NMI_Handler
                0x0000000000000942        0x4 /home/chino/.cache/arduino/cores/b33ea8f076ba2621fc385f50ce94a4a2/core.a(ch32yyxx_it.c.o)
                0x0000000000000942                NMI_Handler
 .text.HardFault_Handler
                0x0000000000000946        0x2 /home/chino/.cache/arduino/cores/b33ea8f076ba2621fc385f50ce94a4a2/core.a(ch32yyxx_it.c.o)
                0x0000000000000946                HardFault_Handler
 .text.RCC_GetClocksFreq
                0x0000000000000948       0x9c /home/chino/.cache/arduino/cores/b33ea8f076ba2621fc385f50ce94a4a2/core.a(ch32yyxx_rcc.c.o)
                0x0000000000000948                RCC_GetClocksFreq
 .text.RCC_APB2PeriphClockCmd
                0x00000000000009e4       0x1e /home/chino/.cache/arduino/cores/b33ea8f076ba2621fc385f50ce94a4a2/core.a(ch32yyxx_rcc.c.o)
                0x00000000000009e4                RCC_APB2PeriphClockCmd
 .text.RCC_APB1PeriphClockCmd
                0x0000000000000a02       0x1e /home/chino/.cache/arduino/cores/b33ea8f076ba2621fc385f50ce94a4a2/core.a(ch32yyxx_rcc.c.o)
                0x0000000000000a02                RCC_APB1PeriphClockCmd
 .text.TIM_TimeBaseInit
                0x0000000000000a20       0x4e /home/chino/.cache/arduino/cores/b33ea8f076ba2621fc385f50ce94a4a2/core.a(ch32yyxx_tim.c.o)
                0x0000000000000a20                TIM_TimeBaseInit
 .text.TIM_ARRPreloadConfig
                0x0000000000000a6e       0x1a /home/chino/.cache/arduino/cores/b33ea8f076ba2621fc385f50ce94a4a2/core.a(ch32yyxx_tim.c.o)
                0x0000000000000a6e                TIM_ARRPreloadConfig
 .text.TIM_GetITStatus
                0x0000000000000a88       0x18 /home/chino/.cache/arduino/cores/b33ea8f076ba2621fc385f50ce94a4a2/core.a(ch32yyxx_tim.c.o)
                0x0000000000000a88                TIM_GetITStatus
 .text.TIM_ClearITPendingBit
                0x0000000000000aa0        0xc /home/chino/.cache/arduino/cores/b33ea8f076ba2621fc385f50ce94a4a2/core.a(ch32yyxx_tim.c.o)
                0x0000000000000aa0                TIM_ClearITPendingBit
 .text.USART_Init
                0x0000000000000aac       0xcc /home/chino/.cache/arduino/cores/b33ea8f076ba2621fc385f50ce94a4a2/core.a(ch32yyxx_usart.c.o)
                0x0000000000000aac                USART_Init
 .text.USART_Cmd
                0x0000000000000b78       0x16 /home/chino/.cache/arduino/cores/b33ea8f076ba2621fc385f50ce94a4a2/core.a(ch32yyxx_usart.c.o)
                0x0000000000000b78                USART_Cmd
 .text.USART_SendData
                0x0000000000000b8e        0x8 /home/chino/.cache/arduino/cores/b33ea8f076ba2621fc385f50ce94a4a2/core.a(ch32yyxx_usart.c.o)
                0x0000000000000b8e                USART_SendData
 .text.USART_ReceiveData
                0x0000000000000b96        0x8 /home/chino/.cache/arduino/cores/b33ea8f076ba2621fc385f50ce94a4a2/core.a(ch32yyxx_usart.c.o)
                0x0000000000000b96                USART_ReceiveData
 .text.USART_HalfDuplexCmd
                0x0000000000000b9e       0x18 /home/chino/.cache/arduino/cores/b33ea8f076ba2621fc385f50ce94a4a2/core.a(ch32yyxx_usart.c.o)
                0x0000000000000b9e                USART_HalfDuplexCmd
 .text.USART_GetFlagStatus
                0x0000000000000bb6        0xa /home/chino/.cache/arduino/cores/b33ea8f076ba2621fc385f50ce94a4a2/core.a(ch32yyxx_usart.c.o)
                0x0000000000000bb6                USART_GetFlagStatus
 .text.SystemInit
                0x0000000000000bc0       0x90 /home/chino/.cache/arduino/cores/b33ea8f076ba2621fc385f50ce94a4a2/core.a(system_ch32yyxx.c.o)
                0x0000000000000bc0                SystemInit
 .text.pin_in_pinmap
                0x0000000000000c50       0x1e /home/chino/.cache/arduino/cores/b33ea8f076ba2621fc385f50ce94a4a2/core.a(pinmap.c.o)
                0x0000000000000c50                pin_in_pinmap
 .text.pin_function
                0x0000000000000c6e      0x194 /home/chino/.cache/arduino/cores/b33ea8f076ba2621fc385f50ce94a4a2/core.a(pinmap.c.o)
                0x0000000000000c6e                pin_function
 .text.pinmap_pinout
                0x0000000000000e02       0x24 /home/chino/.cache/arduino/cores/b33ea8f076ba2621fc385f50ce94a4a2/core.a(pinmap.c.o)
                0x0000000000000e02                pinmap_pinout
 .text.pinmap_find_peripheral
                0x0000000000000e26       0x18 /home/chino/.cache/arduino/cores/b33ea8f076ba2621fc385f50ce94a4a2/core.a(pinmap.c.o)
                0x0000000000000e26                pinmap_find_peripheral
 .text.pinmap_peripheral
                0x0000000000000e3e       0x14 /home/chino/.cache/arduino/cores/b33ea8f076ba2621fc385f50ce94a4a2/core.a(pinmap.c.o)
                0x0000000000000e3e                pinmap_peripheral
 .text.pinmap_merge_peripheral
                0x0000000000000e52       0x12 /home/chino/.cache/arduino/cores/b33ea8f076ba2621fc385f50ce94a4a2/core.a(pinmap.c.o)
                0x0000000000000e52                pinmap_merge_peripheral
 .text.vector_handler
                0x0000000000000e64       0x36 /home/chino/.cache/arduino/cores/b33ea8f076ba2621fc385f50ce94a4a2/core.a(startup_ch32yyxx.S.o)
                0x0000000000000e6a                SW_Handler
                0x0000000000000e6c                WWDG_IRQHandler
                0x0000000000000e6e                PVD_IRQHandler
                0x0000000000000e70                FLASH_IRQHandler
                0x0000000000000e72                RCC_IRQHandler
                0x0000000000000e76                AWU_IRQHandler
                0x0000000000000e78                DMA1_Channel1_IRQHandler
                0x0000000000000e7a                DMA1_Channel2_IRQHandler
                0x0000000000000e7c                DMA1_Channel3_IRQHandler
                0x0000000000000e7e                DMA1_Channel4_IRQHandler
                0x0000000000000e80                DMA1_Channel5_IRQHandler
                0x0000000000000e82                DMA1_Channel6_IRQHandler
                0x0000000000000e84                DMA1_Channel7_IRQHandler
                0x0000000000000e86                ADC1_IRQHandler
                0x0000000000000e88                I2C1_EV_IRQHandler
                0x0000000000000e8a                I2C1_ER_IRQHandler
                0x0000000000000e8c                USART1_IRQHandler
                0x0000000000000e8e                SPI1_IRQHandler
                0x0000000000000e90                TIM1_BRK_IRQHandler
                0x0000000000000e94                TIM1_TRG_COM_IRQHandler
 .text.handle_reset
                0x0000000000000e9a       0x88 /home/chino/.cache/arduino/cores/b33ea8f076ba2621fc385f50ce94a4a2/core.a(startup_ch32yyxx.S.o)
                0x0000000000000e9a                handle_reset
 .text.get_timer_obj
                0x0000000000000f22        0x4 /home/chino/.cache/arduino/cores/b33ea8f076ba2621fc385f50ce94a4a2/core.a(timer.c.o)
                0x0000000000000f22                get_timer_obj
 .text.enableTimerClock
                0x0000000000000f26       0x36 /home/chino/.cache/arduino/cores/b33ea8f076ba2621fc385f50ce94a4a2/core.a(timer.c.o)
                0x0000000000000f26                enableTimerClock
 .text.disableTimerClock
                0x0000000000000f5c       0x36 /home/chino/.cache/arduino/cores/b33ea8f076ba2621fc385f50ce94a4a2/core.a(timer.c.o)
                0x0000000000000f5c                disableTimerClock
 .text.uart_init.part.0
                0x0000000000000f92      0x13c /home/chino/.cache/arduino/cores/b33ea8f076ba2621fc385f50ce94a4a2/core.a(uart.c.o)
 .text.uart_debug_init
                0x00000000000010ce       0x42 /home/chino/.cache/arduino/cores/b33ea8f076ba2621fc385f50ce94a4a2/core.a(uart.c.o)
                0x00000000000010ce                uart_debug_init
 .text.serial_rx_active
                0x0000000000001110       0x26 /home/chino/.cache/arduino/cores/b33ea8f076ba2621fc385f50ce94a4a2/core.a(uart.c.o)
                0x0000000000001110                serial_rx_active
 .text.serial_tx_active
                0x0000000000001136       0x26 /home/chino/.cache/arduino/cores/b33ea8f076ba2621fc385f50ce94a4a2/core.a(uart.c.o)
                0x0000000000001136                serial_tx_active
 .text.uart_debug_write
                0x000000000000115c      0x100 /home/chino/.cache/arduino/cores/b33ea8f076ba2621fc385f50ce94a4a2/core.a(uart.c.o)
                0x000000000000115c                uart_debug_write
 .text.uart_getc
                0x000000000000125c       0x34 /home/chino/.cache/arduino/cores/b33ea8f076ba2621fc385f50ce94a4a2/core.a(uart.c.o)
                0x000000000000125c                uart_getc
 .text.__empty  0x0000000000001290        0x2 /home/chino/.cache/arduino/cores/b33ea8f076ba2621fc385f50ce94a4a2/core.a(hooks.c.o)
                0x0000000000001290                yield
 .text.startup.main
                0x0000000000001292       0x12 /home/chino/.cache/arduino/cores/b33ea8f076ba2621fc385f50ce94a4a2/core.a(main.cpp.o)
                0x0000000000001292                main
 .text.pinMode  0x00000000000012a4       0xf2 /home/chino/.cache/arduino/cores/b33ea8f076ba2621fc385f50ce94a4a2/core.a(wiring_digital.c.o)
                0x00000000000012a4                pinMode
 .text.digitalWrite
                0x0000000000001396       0x98 /home/chino/.cache/arduino/cores/b33ea8f076ba2621fc385f50ce94a4a2/core.a(wiring_digital.c.o)
                0x0000000000001396                digitalWrite
 .text.millis   0x000000000000142e        0xc /home/chino/.cache/arduino/cores/b33ea8f076ba2621fc385f50ce94a4a2/core.a(wiring_time.c.o)
                0x000000000000142e                millis
 .text.delay    0x000000000000143a       0x20 /home/chino/.cache/arduino/cores/b33ea8f076ba2621fc385f50ce94a4a2/core.a(wiring_time.c.o)
                0x000000000000143a                delay
 .text._Znwj    0x000000000000145a       0x24 /home/chino/.arduino15/packages/UIAP/tools/riscv-none-embed-gcc/8.2.0/bin/../lib/gcc/riscv-none-embed/8.2.0/../../../../riscv-none-embed/lib/rv32ecxw/ilp32e/libstdc++_nano.a(new_op.o)
                0x000000000000145a                operator new(unsigned int)
 .text._ZdlPvj  0x000000000000147e        0x2 /home/chino/.arduino15/packages/UIAP/tools/riscv-none-embed-gcc/8.2.0/bin/../lib/gcc/riscv-none-embed/8.2.0/../../../../riscv-none-embed/lib/rv32ecxw/ilp32e/libstdc++_nano.a(del_ops.o)
                0x000000000000147e                operator delete(void*, unsigned int)
 .text._ZSt15get_new_handlerv
                0x0000000000001480        0x8 /home/chino/.arduino15/packages/UIAP/tools/riscv-none-embed-gcc/8.2.0/bin/../lib/gcc/riscv-none-embed/8.2.0/../../../../riscv-none-embed/lib/rv32ecxw/ilp32e/libstdc++_nano.a(new_handler.o)
                0x0000000000001480                std::get_new_handler()
 .text.unlikely._ZSt25__throw_bad_function_callv
                0x0000000000001488        0x6 /home/chino/.arduino15/packages/UIAP/tools/riscv-none-embed-gcc/8.2.0/bin/../lib/gcc/riscv-none-embed/8.2.0/../../../../riscv-none-embed/lib/rv32ecxw/ilp32e/libstdc++_nano.a(functional.o)
                0x0000000000001488                std::__throw_bad_function_call()
 .text._ZdlPv   0x000000000000148e        0x2 /home/chino/.arduino15/packages/UIAP/tools/riscv-none-embed-gcc/8.2.0/bin/../lib/gcc/riscv-none-embed/8.2.0/../../../../riscv-none-embed/lib/rv32ecxw/ilp32e/libstdc++_nano.a(del_op.o)
                0x000000000000148e                operator delete(void*)
 .text.abort    0x0000000000001490        0xc /home/chino/.arduino15/packages/UIAP/tools/riscv-none-embed-gcc/8.2.0/bin/../lib/gcc/riscv-none-embed/8.2.0/../../../../riscv-none-embed/lib/rv32ecxw/ilp32e/libc_nano.a(lib_a-abort.o)
                0x0000000000001490                abort
 .text.atexit   0x000000000000149c        0xa /home/chino/.arduino15/packages/UIAP/tools/riscv-none-embed-gcc/8.2.0/bin/../lib/gcc/riscv-none-embed/8.2.0/../../../../riscv-none-embed/lib/rv32ecxw/ilp32e/libc_nano.a(lib_a-atexit.o)
                0x000000000000149c                atexit
 .text.__libc_fini_array
                0x00000000000014a6       0x3a /home/chino/.arduino15/packages/UIAP/tools/riscv-none-embed-gcc/8.2.0/bin/../lib/gcc/riscv-none-embed/8.2.0/../../../../riscv-none-embed/lib/rv32ecxw/ilp32e/libc_nano.a(lib_a-fini.o)
                0x00000000000014a6                __libc_fini_array
 .text.__libc_init_array
                0x00000000000014e0       0x76 /home/chino/.arduino15/packages/UIAP/tools/riscv-none-embed-gcc/8.2.0/bin/../lib/gcc/riscv-none-embed/8.2.0/../../../../riscv-none-embed/lib/rv32ecxw/ilp32e/libc_nano.a(lib_a-init.o)
                0x00000000000014e0                __libc_init_array
 .text.malloc   0x0000000000001556        0xa /home/chino/.arduino15/packages/UIAP/tools/riscv-none-embed-gcc/8.2.0/bin/../lib/gcc/riscv-none-embed/8.2.0/../../../../riscv-none-embed/lib/rv32ecxw/ilp32e/libc_nano.a(lib_a-malloc.o)
                0x0000000000001556                malloc
 .text.free     0x0000000000001560        0xa /home/chino/.arduino15/packages/UIAP/tools/riscv-none-embed-gcc/8.2.0/bin/../lib/gcc/riscv-none-embed/8.2.0/../../../../riscv-none-embed/lib/rv32ecxw/ilp32e/libc_nano.a(lib_a-malloc.o)
                0x0000000000001560                free
 .text._free_r  0x000000000000156a       0xa4 /home/chino/.arduino15/packages/UIAP/tools/riscv-none-embed-gcc/8.2.0/bin/../lib/gcc/riscv-none-embed/8.2.0/../../../../riscv-none-embed/lib/rv32ecxw/ilp32e/libc_nano.a(lib_a-nano-freer.o)
                0x000000000000156a                _free_r
 .text._malloc_r
                0x000000000000160e       0xd4 /home/chino/.arduino15/packages/UIAP/tools/riscv-none-embed-gcc/8.2.0/bin/../lib/gcc/riscv-none-embed/8.2.0/../../../../riscv-none-embed/lib/rv32ecxw/ilp32e/libc_nano.a(lib_a-nano-mallocr.o)
                0x000000000000160e                _malloc_r
 .text._sbrk_r  0x00000000000016e2       0x2a /home/chino/.arduino15/packages/UIAP/tools/riscv-none-embed-gcc/8.2.0/bin/../lib/gcc/riscv-none-embed/8.2.0/../../../../riscv-none-embed/lib/rv32ecxw/ilp32e/libc_nano.a(lib_a-sbrkr.o)
                0x00000000000016e2                _sbrk_r
 .text._raise_r
                0x000000000000170c       0x62 /home/chino/.arduino15/packages/UIAP/tools/riscv-none-embed-gcc/8.2.0/bin/../lib/gcc/riscv-none-embed/8.2.0/../../../../riscv-none-embed/lib/rv32ecxw/ilp32e/libc_nano.a(lib_a-signal.o)
                0x000000000000170c                _raise_r
 .text.raise    0x000000000000176e        0xa /home/chino/.arduino15/packages/UIAP/tools/riscv-none-embed-gcc/8.2.0/bin/../lib/gcc/riscv-none-embed/8.2.0/../../../../riscv-none-embed/lib/rv32ecxw/ilp32e/libc_nano.a(lib_a-signal.o)
                0x000000000000176e                raise
 .text._kill_r  0x0000000000001778       0x2a /home/chino/.arduino15/packages/UIAP/tools/riscv-none-embed-gcc/8.2.0/bin/../lib/gcc/riscv-none-embed/8.2.0/../../../../riscv-none-embed/lib/rv32ecxw/ilp32e/libc_nano.a(lib_a-signalr.o)
                0x0000000000001778                _kill_r
 .text._getpid_r
                0x00000000000017a2        0x2 /home/chino/.arduino15/packages/UIAP/tools/riscv-none-embed-gcc/8.2.0/bin/../lib/gcc/riscv-none-embed/8.2.0/../../../../riscv-none-embed/lib/rv32ecxw/ilp32e/libc_nano.a(lib_a-signalr.o)
                0x00000000000017a2                _getpid_r
 .text.__register_exitproc
                0x00000000000017a4       0x7a /home/chino/.arduino15/packages/UIAP/tools/riscv-none-embed-gcc/8.2.0/bin/../lib/gcc/riscv-none-embed/8.2.0/../../../../riscv-none-embed/lib/rv32ecxw/ilp32e/libc_nano.a(lib_a-__atexit.o)
                0x00000000000017a4                __register_exitproc
 .text.startup.register_fini
                0x000000000000181e       0x18 /home/chino/.arduino15/packages/UIAP/tools/riscv-none-embed-gcc/8.2.0/bin/../lib/gcc/riscv-none-embed/8.2.0/../../../../riscv-none-embed/lib/rv32ecxw/ilp32e/libc_nano.a(lib_a-__call_atexit.o)
 .text.__malloc_lock
                0x0000000000001836        0x2 /home/chino/.arduino15/packages/UIAP/tools/riscv-none-embed-gcc/8.2.0/bin/../lib/gcc/riscv-none-embed/8.2.0/../../../../riscv-none-embed/lib/rv32ecxw/ilp32e/libc_nano.a(lib_a-mlock.o)
                0x0000000000001836                __malloc_lock
 .text.__malloc_unlock
                0x0000000000001838        0x2 /home/chino/.arduino15/packages/UIAP/tools/riscv-none-embed-gcc/8.2.0/bin/../lib/gcc/riscv-none-embed/8.2.0/../../../../riscv-none-embed/lib/rv32ecxw/ilp32e/libc_nano.a(lib_a-mlock.o)
                0x0000000000001838                __malloc_unlock
 .text._getpid  0x000000000000183a        0xc /home/chino/.arduino15/packages/UIAP/tools/riscv-none-embed-gcc/8.2.0/bin/../lib/gcc/riscv-none-embed/8.2.0/../../../../riscv-none-embed/lib/rv32ecxw/ilp32e/libnosys.a(getpid.o)
                0x000000000000183a                _getpid
 .text._kill    0x0000000000001846        0xc /home/chino/.arduino15/packages/UIAP/tools/riscv-none-embed-gcc/8.2.0/bin/../lib/gcc/riscv-none-embed/8.2.0/../../../../riscv-none-embed/lib/rv32ecxw/ilp32e/libnosys.a(kill.o)
                0x0000000000001846                _kill
 .text._exit    0x0000000000001852        0x2 /home/chino/.arduino15/packages/UIAP/tools/riscv-none-embed-gcc/8.2.0/bin/../lib/gcc/riscv-none-embed/8.2.0/../../../../riscv-none-embed/lib/rv32ecxw/ilp32e/libnosys.a(_exit.o)
                0x0000000000001852                _exit
 *(.rodata)
 *(.rodata*)
 *fill*         0x0000000000001854        0x0 
 .rodata.PinMap_TIM
                0x0000000000001854       0x90 /home/chino/.cache/arduino/sketches/D77CAF109899A98B090BBED102B10B57/core/PeripheralPins.c.o
                0x0000000000001854                PinMap_TIM
 .rodata.PinMap_UART_CTS
                0x00000000000018e4       0x18 /home/chino/.cache/arduino/sketches/D77CAF109899A98B090BBED102B10B57/core/PeripheralPins.c.o
                0x00000000000018e4                PinMap_UART_CTS
 .rodata.PinMap_UART_RTS
                0x00000000000018fc       0x18 /home/chino/.cache/arduino/sketches/D77CAF109899A98B090BBED102B10B57/core/PeripheralPins.c.o
                0x00000000000018fc                PinMap_UART_RTS
 .rodata.PinMap_UART_RX
                0x0000000000001914       0x18 /home/chino/.cache/arduino/sketches/D77CAF109899A98B090BBED102B10B57/core/PeripheralPins.c.o
                0x0000000000001914                PinMap_UART_RX
 .rodata.PinMap_UART_TX
                0x000000000000192c       0x18 /home/chino/.cache/arduino/sketches/D77CAF109899A98B090BBED102B10B57/core/PeripheralPins.c.o
                0x000000000000192c                PinMap_UART_TX
 .rodata.analogInputPin
                0x0000000000001944       0x20 /home/chino/.cache/arduino/sketches/D77CAF109899A98B090BBED102B10B57/core/variant_CH32V003F4.cpp.o
                0x0000000000001944                analogInputPin
 .rodata.digitalPin
                0x0000000000001964       0x48 /home/chino/.cache/arduino/sketches/D77CAF109899A98B090BBED102B10B57/core/variant_CH32V003F4.cpp.o
                0x0000000000001964                digitalPin
 .rodata._ZTV14HardwareSerial
                0x00000000000019ac       0x2c /home/chino/.cache/arduino/cores/b33ea8f076ba2621fc385f50ce94a4a2/core.a(HardwareSerial.cpp.o)
                0x00000000000019ac                vtable for HardwareSerial
 .rodata.pin_function
                0x00000000000019d8       0x6c /home/chino/.cache/arduino/cores/b33ea8f076ba2621fc385f50ce94a4a2/core.a(pinmap.c.o)
 .rodata.pin_map
                0x0000000000001a44       0x20 /home/chino/.cache/arduino/cores/b33ea8f076ba2621fc385f50ce94a4a2/core.a(pinmap.c.o)
                0x0000000000001a44                pin_map
 .rodata.pinMode
                0x0000000000001a64       0x18 /home/chino/.cache/arduino/cores/b33ea8f076ba2621fc385f50ce94a4a2/core.a(wiring_digital.c.o)
 .rodata.__sf_fake_stderr
                0x0000000000001a7c       0x20 /home/chino/.arduino15/packages/UIAP/tools/riscv-none-embed-gcc/8.2.0/bin/../lib/gcc/riscv-none-embed/8.2.0/../../../../riscv-none-embed/lib/rv32ecxw/ilp32e/libc_nano.a(lib_a-findfp.o)
                0x0000000000001a7c                __sf_fake_stderr
 .rodata.__sf_fake_stdin
                0x0000000000001a9c       0x20 /home/chino/.arduino15/packages/UIAP/tools/riscv-none-embed-gcc/8.2.0/bin/../lib/gcc/riscv-none-embed/8.2.0/../../../../riscv-none-embed/lib/rv32ecxw/ilp32e/libc_nano.a(lib_a-findfp.o)
                0x0000000000001a9c                __sf_fake_stdin
 .rodata.__sf_fake_stdout
                0x0000000000001abc       0x20 /home/chino/.arduino15/packages/UIAP/tools/riscv-none-embed-gcc/8.2.0/bin/../lib/gcc/riscv-none-embed/8.2.0/../../../../riscv-none-embed/lib/rv32ecxw/ilp32e/libc_nano.a(lib_a-findfp.o)
                0x0000000000001abc                __sf_fake_stdout
 *(.gnu.linkonce.t.*)
                0x0000000000001adc                . = ALIGN (0x4)

.rela.dyn       0x0000000000001adc        0x0
 .rela.text._ZN14HardwareSerialC2EPv
                0x0000000000001adc        0x0 /home/chino/.cache/arduino/sketches/D77CAF109899A98B090BBED102B10B57/sketch/Blink.ino.cpp.o
 .rela.rodata._ZTV14HardwareSerial
                0x0000000000001adc        0x0 /home/chino/.cache/arduino/sketches/D77CAF109899A98B090BBED102B10B57/sketch/Blink.ino.cpp.o
 .rela.text._ZN13HardwareTimerD2Ev
                0x0000000000001adc        0x0 /home/chino/.cache/arduino/sketches/D77CAF109899A98B090BBED102B10B57/sketch/Blink.ino.cpp.o
 .rela.text._ZN13HardwareTimer14updateCallbackEP17TIM_HandleTypeDef
                0x0000000000001adc        0x0 /home/chino/.cache/arduino/sketches/D77CAF109899A98B090BBED102B10B57/sketch/Blink.ino.cpp.o
 .rela.text._ZN13HardwareTimer22captureCompareCallbackEP17TIM_HandleTypeDef
                0x0000000000001adc        0x0 /home/chino/.cache/arduino/sketches/D77CAF109899A98B090BBED102B10B57/sketch/Blink.ino.cpp.o
 .rela.text.pwm_stop
                0x0000000000001adc        0x0 /home/chino/.cache/arduino/sketches/D77CAF109899A98B090BBED102B10B57/sketch/Blink.ino.cpp.o
 .rela.text.getCurrentMillis
                0x0000000000001adc        0x0 /home/chino/.cache/arduino/sketches/D77CAF109899A98B090BBED102B10B57/sketch/Blink.ino.cpp.o
 .rela.text.SysTick_Handler
                0x0000000000001adc        0x0 /home/chino/.cache/arduino/sketches/D77CAF109899A98B090BBED102B10B57/sketch/Blink.ino.cpp.o
 .rela.text._sbrk
                0x0000000000001adc        0x0 /home/chino/.cache/arduino/sketches/D77CAF109899A98B090BBED102B10B57/sketch/Blink.ino.cpp.o
 .rela.sdata.curbrk.4047
                0x0000000000001adc        0x0 /home/chino/.cache/arduino/sketches/D77CAF109899A98B090BBED102B10B57/sketch/Blink.ino.cpp.o
 .rela.init     0x0000000000001adc        0x0 /home/chino/.cache/arduino/sketches/D77CAF109899A98B090BBED102B10B57/sketch/Blink.ino.cpp.o
 .rela.text.handle_reset
                0x0000000000001adc        0x0 /home/chino/.cache/arduino/sketches/D77CAF109899A98B090BBED102B10B57/sketch/Blink.ino.cpp.o
 .rela.text.uart_init.part.0
                0x0000000000001adc        0x0 /home/chino/.cache/arduino/sketches/D77CAF109899A98B090BBED102B10B57/sketch/Blink.ino.cpp.o
 .rela.text.uart_debug_init
                0x0000000000001adc        0x0 /home/chino/.cache/arduino/sketches/D77CAF109899A98B090BBED102B10B57/sketch/Blink.ino.cpp.o
 .rela.text.uart_debug_write
                0x0000000000001adc        0x0 /home/chino/.cache/arduino/sketches/D77CAF109899A98B090BBED102B10B57/sketch/Blink.ino.cpp.o
 .rela.text.startup.main
                0x0000000000001adc        0x0 /home/chino/.cache/arduino/sketches/D77CAF109899A98B090BBED102B10B57/sketch/Blink.ino.cpp.o
 .rela.text.pinMode
                0x0000000000001adc        0x0 /home/chino/.cache/arduino/sketches/D77CAF109899A98B090BBED102B10B57/sketch/Blink.ino.cpp.o
 .rela.text.delay
                0x0000000000001adc        0x0 /home/chino/.cache/arduino/sketches/D77CAF109899A98B090BBED102B10B57/sketch/Blink.ino.cpp.o
 .rela.text.__libc_fini_array
                0x0000000000001adc        0x0 /home/chino/.cache/arduino/sketches/D77CAF109899A98B090BBED102B10B57/sketch/Blink.ino.cpp.o
 .rela.text.__libc_init_array
                0x0000000000001adc        0x0 /home/chino/.cache/arduino/sketches/D77CAF109899A98B090BBED102B10B57/sketch/Blink.ino.cpp.o
 .rela.text._sbrk_r
                0x0000000000001adc        0x0 /home/chino/.cache/arduino/sketches/D77CAF109899A98B090BBED102B10B57/sketch/Blink.ino.cpp.o
 .rela.text._kill_r
                0x0000000000001adc        0x0 /home/chino/.cache/arduino/sketches/D77CAF109899A98B090BBED102B10B57/sketch/Blink.ino.cpp.o
 .rela.text.__register_exitproc
                0x0000000000001adc        0x0 /home/chino/.cache/arduino/sketches/D77CAF109899A98B090BBED102B10B57/sketch/Blink.ino.cpp.o
 .rela.text.startup.register_fini
                0x0000000000001adc        0x0 /home/chino/.cache/arduino/sketches/D77CAF109899A98B090BBED102B10B57/sketch/Blink.ino.cpp.o
 .rela.text._getpid
                0x0000000000001adc        0x0 /home/chino/.cache/arduino/sketches/D77CAF109899A98B090BBED102B10B57/sketch/Blink.ino.cpp.o
 .rela.text._kill
                0x0000000000001adc        0x0 /home/chino/.cache/arduino/sketches/D77CAF109899A98B090BBED102B10B57/sketch/Blink.ino.cpp.o

.fini           0x0000000000001adc        0x0
 *(SORT_NONE(.fini))
                0x0000000000001adc                . = ALIGN (0x4)
                [!provide]                        PROVIDE (_etext = .)
                [!provide]                        PROVIDE (_eitcm = .)

.preinit_array  0x0000000000001adc        0x0
                0x0000000000001adc                PROVIDE (__preinit_array_start = .)
 *(.preinit_array)
                0x0000000000001adc                PROVIDE (__preinit_array_end = .)

.init_array     0x0000000000001adc        0x8
                0x0000000000001adc                PROVIDE (__init_array_start = .)
 *(SORT_BY_INIT_PRIORITY(.init_array.*) SORT_BY_INIT_PRIORITY(.ctors.*))
 .init_array.00000
                0x0000000000001adc        0x4 /home/chino/.arduino15/packages/UIAP/tools/riscv-none-embed-gcc/8.2.0/bin/../lib/gcc/riscv-none-embed/8.2.0/../../../../riscv-none-embed/lib/rv32ecxw/ilp32e/libc_nano.a(lib_a-__call_atexit.o)
 *(.init_array EXCLUDE_FILE(*crtend?.o *crtend.o *crtbegin?.o *crtbegin.o) .ctors)
 .init_array    0x0000000000001ae0        0x4 /home/chino/.cache/arduino/cores/b33ea8f076ba2621fc385f50ce94a4a2/core.a(HardwareSerial.cpp.o)
                0x0000000000001ae4                PROVIDE (__init_array_end = .)

.fini_array     0x0000000000001ae4        0x0
                0x0000000000001ae4                PROVIDE (__fini_array_start = .)
 *(SORT_BY_INIT_PRIORITY(.fini_array.*) SORT_BY_INIT_PRIORITY(.dtors.*))
 *(.fini_array EXCLUDE_FILE(*crtend?.o *crtend.o *crtbegin?.o *crtbegin.o) .dtors)
                0x0000000000001ae4                PROVIDE (__fini_array_end = .)

.ctors
 *crtbegin.o(.ctors)
 *crtbegin?.o(.ctors)
 *(EXCLUDE_FILE(*crtend?.o *crtend.o) .ctors)
 *(SORT_BY_NAME(.ctors.*))
 *(.ctors)

.dtors
 *crtbegin.o(.dtors)
 *crtbegin?.o(.dtors)
 *(EXCLUDE_FILE(*crtend?.o *crtend.o) .dtors)
 *(SORT_BY_NAME(.dtors.*))
 *(.dtors)

.dalign         0x0000000020000000        0x0 load address 0x0000000000001ae4
                0x0000000020000000                . = ALIGN (0x4)
                0x0000000020000000                PROVIDE (_data_vma = .)

.dlalign        0x0000000000001ae4        0x0
                0x0000000000001ae4                . = ALIGN (0x4)
                0x0000000000001ae4                PROVIDE (_data_lma = .)

.data           0x0000000020000000      0x110 load address 0x0000000000001ae4
                0x0000000020000000                . = ALIGN (0x4)
 *(.gnu.linkonce.r.*)
 *(.data .data.*)
 .data.GPIOPort
                0x0000000020000000        0xc /home/chino/.cache/arduino/cores/b33ea8f076ba2621fc385f50ce94a4a2/core.a(PortNames.c.o)
                0x0000000020000000                GPIOPort
 .data._ZL13gpio_irq_conf
                0x000000002000000c       0x40 /home/chino/.cache/arduino/cores/b33ea8f076ba2621fc385f50ce94a4a2/core.a(interrupt.cpp.o)
 .data.ADCPrescTable
                0x000000002000004c       0x14 /home/chino/.cache/arduino/cores/b33ea8f076ba2621fc385f50ce94a4a2/core.a(ch32yyxx_rcc.c.o)
 .data.APBAHBPrescTable
                0x0000000020000060       0x10 /home/chino/.cache/arduino/cores/b33ea8f076ba2621fc385f50ce94a4a2/core.a(ch32yyxx_rcc.c.o)
 .data.serial_debug
                0x0000000020000070       0x30 /home/chino/.cache/arduino/cores/b33ea8f076ba2621fc385f50ce94a4a2/core.a(uart.c.o)
 .data.impure_data
                0x00000000200000a0       0x60 /home/chino/.arduino15/packages/UIAP/tools/riscv-none-embed-gcc/8.2.0/bin/../lib/gcc/riscv-none-embed/8.2.0/../../../../riscv-none-embed/lib/rv32ecxw/ilp32e/libc_nano.a(lib_a-impure.o)
 *(.gnu.linkonce.d.*)
                0x0000000020000100                . = ALIGN (0x8)
                0x0000000020000900                PROVIDE (__global_pointer$ = (. + 0x800))
 *(.sdata .sdata.*)
 .sdata.curbrk.4047
                0x0000000020000100        0x4 /home/chino/.cache/arduino/cores/b33ea8f076ba2621fc385f50ce94a4a2/core.a(ch32yyxx_debug.c.o)
 .sdata.SystemCoreClock
                0x0000000020000104        0x4 /home/chino/.cache/arduino/cores/b33ea8f076ba2621fc385f50ce94a4a2/core.a(system_ch32yyxx.c.o)
                0x0000000020000104                SystemCoreClock
 .sdata._impure_ptr
                0x0000000020000108        0x4 /home/chino/.arduino15/packages/UIAP/tools/riscv-none-embed-gcc/8.2.0/bin/../lib/gcc/riscv-none-embed/8.2.0/../../../../riscv-none-embed/lib/rv32ecxw/ilp32e/libc_nano.a(lib_a-impure.o)
                0x0000000020000108                _impure_ptr
 *(.sdata2*)
 *(.gnu.linkonce.s.*)
                0x0000000020000110                . = ALIGN (0x8)
 *fill*         0x000000002000010c        0x4 
 *(.srodata.cst16)
 *(.srodata.cst8)
 *(.srodata.cst4)
 *(.srodata.cst2)
 *(.srodata .srodata.*)
                0x0000000020000110                . = ALIGN (0x4)
                0x0000000020000110                PROVIDE (_edata = .)

.bss            0x0000000020000110      0x108 load address 0x0000000000001bf4
                0x0000000020000110                . = ALIGN (0x4)
                0x0000000020000110                PROVIDE (_sbss = .)
 *(.sbss*)
 .sbss.HardwareTimer_Handle
                0x0000000020000110        0x8 /home/chino/.cache/arduino/cores/b33ea8f076ba2621fc385f50ce94a4a2/core.a(HardwareTimer.cpp.o)
                0x0000000020000110                HardwareTimer_Handle
 .sbss.msTick   0x0000000020000118        0x8 /home/chino/.cache/arduino/cores/b33ea8f076ba2621fc385f50ce94a4a2/core.a(clock.c.o)
                0x0000000020000118                msTick
 .sbss.uart_handlers
                0x0000000020000120        0x4 /home/chino/.cache/arduino/cores/b33ea8f076ba2621fc385f50ce94a4a2/core.a(uart.c.o)
 .sbss._ZN12_GLOBAL__N_113__new_handlerE
                0x0000000020000124        0x4 /home/chino/.arduino15/packages/UIAP/tools/riscv-none-embed-gcc/8.2.0/bin/../lib/gcc/riscv-none-embed/8.2.0/../../../../riscv-none-embed/lib/rv32ecxw/ilp32e/libstdc++_nano.a(new_handler.o)
 .sbss.__malloc_free_list
                0x0000000020000128        0x4 /home/chino/.arduino15/packages/UIAP/tools/riscv-none-embed-gcc/8.2.0/bin/../lib/gcc/riscv-none-embed/8.2.0/../../../../riscv-none-embed/lib/rv32ecxw/ilp32e/libc_nano.a(lib_a-nano-mallocr.o)
                0x0000000020000128                __malloc_free_list
 .sbss.__malloc_sbrk_start
                0x000000002000012c        0x4 /home/chino/.arduino15/packages/UIAP/tools/riscv-none-embed-gcc/8.2.0/bin/../lib/gcc/riscv-none-embed/8.2.0/../../../../riscv-none-embed/lib/rv32ecxw/ilp32e/libc_nano.a(lib_a-nano-mallocr.o)
                0x000000002000012c                __malloc_sbrk_start
 .sbss._global_atexit
                0x0000000020000130        0x4 /home/chino/.arduino15/packages/UIAP/tools/riscv-none-embed-gcc/8.2.0/bin/../lib/gcc/riscv-none-embed/8.2.0/../../../../riscv-none-embed/lib/rv32ecxw/ilp32e/libc_nano.a(lib_a-__call_atexit.o)
                0x0000000020000130                _global_atexit
 *(.gnu.linkonce.sb.*)
 *(.bss*)
 .bss.Serial1   0x0000000020000134       0x48 /home/chino/.cache/arduino/cores/b33ea8f076ba2621fc385f50ce94a4a2/core.a(HardwareSerial.cpp.o)
                0x0000000020000134                Serial1
 .bss.g_anOutputPinConfigured
                0x000000002000017c        0xc /home/chino/.cache/arduino/cores/b33ea8f076ba2621fc385f50ce94a4a2/core.a(wiring_analog.c.o)
                0x000000002000017c                g_anOutputPinConfigured
 .bss._global_atexit0
                0x0000000020000188       0x8c /home/chino/.arduino15/packages/UIAP/tools/riscv-none-embed-gcc/8.2.0/bin/../lib/gcc/riscv-none-embed/8.2.0/../../../../riscv-none-embed/lib/rv32ecxw/ilp32e/libc_nano.a(lib_a-__atexit.o)
 *(.gnu.linkonce.b.*)
 *(COMMON*)
 COMMON         0x0000000020000214        0x4 /home/chino/.arduino15/packages/UIAP/tools/riscv-none-embed-gcc/8.2.0/bin/../lib/gcc/riscv-none-embed/8.2.0/../../../../riscv-none-embed/lib/rv32ecxw/ilp32e/libc_nano.a(lib_a-reent.o)
                0x0000000020000214                errno
                0x0000000020000218                . = ALIGN (0x4)
                0x0000000020000218                PROVIDE (_ebss = .)
                0x0000000020000218                PROVIDE (_end = _ebss)
                [!provide]                        PROVIDE (end = .)

.stack          0x0000000020000640      0x1c0
                0x0000000020000640                PROVIDE (_heap_end = .)
                0x0000000020000640                . = ALIGN (0x4)
                [!provide]                        PROVIDE (_susrstack = .)
                0x0000000020000800                . = (. + __stack_size)
 *fill*         0x0000000020000640      0x1c0 
                0x0000000020000800                PROVIDE (_eusrstack = .)
OUTPUT(/home/chino/.cache/arduino/sketches/D77CAF109899A98B090BBED102B10B57/Blink.ino.elf elf32-littleriscv)

.comment        0x0000000000000000       0x33
 .comment       0x0000000000000000       0x33 /home/chino/.cache/arduino/sketches/D77CAF109899A98B090BBED102B10B57/sketch/Blink.ino.cpp.o
                                         0x34 (size before relaxing)
 .comment       0x0000000000000033       0x34 /home/chino/.cache/arduino/sketches/D77CAF109899A98B090BBED102B10B57/core/PeripheralPins.c.o
 .comment       0x0000000000000033       0x34 /home/chino/.cache/arduino/sketches/D77CAF109899A98B090BBED102B10B57/core/variant_CH32V003F4.cpp.o
 .comment       0x0000000000000033       0x34 /home/chino/.cache/arduino/cores/b33ea8f076ba2621fc385f50ce94a4a2/core.a(HardwareSerial.cpp.o)
 .comment       0x0000000000000033       0x34 /home/chino/.cache/arduino/cores/b33ea8f076ba2621fc385f50ce94a4a2/core.a(HardwareTimer.cpp.o)
 .comment       0x0000000000000033       0x34 /home/chino/.cache/arduino/cores/b33ea8f076ba2621fc385f50ce94a4a2/core.a(Stream.cpp.o)
 .comment       0x0000000000000033       0x34 /home/chino/.cache/arduino/cores/b33ea8f076ba2621fc385f50ce94a4a2/core.a(board.c.o)
 .comment       0x0000000000000033       0x34 /home/chino/.cache/arduino/cores/b33ea8f076ba2621fc385f50ce94a4a2/core.a(PortNames.c.o)
 .comment       0x0000000000000033       0x34 /home/chino/.cache/arduino/cores/b33ea8f076ba2621fc385f50ce94a4a2/core.a(analog.cpp.o)
 .comment       0x0000000000000033       0x34 /home/chino/.cache/arduino/cores/b33ea8f076ba2621fc385f50ce94a4a2/core.a(clock.c.o)
 .comment       0x0000000000000033       0x34 /home/chino/.cache/arduino/cores/b33ea8f076ba2621fc385f50ce94a4a2/core.a(hw_config.c.o)
 .comment       0x0000000000000033       0x34 /home/chino/.cache/arduino/cores/b33ea8f076ba2621fc385f50ce94a4a2/core.a(interrupt.cpp.o)
 .comment       0x0000000000000033       0x34 /home/chino/.cache/arduino/cores/b33ea8f076ba2621fc385f50ce94a4a2/core.a(ch32yyxx_debug.c.o)
 .comment       0x0000000000000033       0x34 /home/chino/.cache/arduino/cores/b33ea8f076ba2621fc385f50ce94a4a2/core.a(ch32yyxx_exti.c.o)
 .comment       0x0000000000000033       0x34 /home/chino/.cache/arduino/cores/b33ea8f076ba2621fc385f50ce94a4a2/core.a(ch32yyxx_gpio.c.o)
 .comment       0x0000000000000033       0x34 /home/chino/.cache/arduino/cores/b33ea8f076ba2621fc385f50ce94a4a2/core.a(ch32yyxx_it.c.o)
 .comment       0x0000000000000033       0x34 /home/chino/.cache/arduino/cores/b33ea8f076ba2621fc385f50ce94a4a2/core.a(ch32yyxx_rcc.c.o)
 .comment       0x0000000000000033       0x34 /home/chino/.cache/arduino/cores/b33ea8f076ba2621fc385f50ce94a4a2/core.a(ch32yyxx_tim.c.o)
 .comment       0x0000000000000033       0x34 /home/chino/.cache/arduino/cores/b33ea8f076ba2621fc385f50ce94a4a2/core.a(ch32yyxx_usart.c.o)
 .comment       0x0000000000000033       0x34 /home/chino/.cache/arduino/cores/b33ea8f076ba2621fc385f50ce94a4a2/core.a(system_ch32yyxx.c.o)
 .comment       0x0000000000000033       0x34 /home/chino/.cache/arduino/cores/b33ea8f076ba2621fc385f50ce94a4a2/core.a(pinmap.c.o)
 .comment       0x0000000000000033       0x34 /home/chino/.cache/arduino/cores/b33ea8f076ba2621fc385f50ce94a4a2/core.a(timer.c.o)
 .comment       0x0000000000000033       0x34 /home/chino/.cache/arduino/cores/b33ea8f076ba2621fc385f50ce94a4a2/core.a(uart.c.o)
 .comment       0x0000000000000033       0x34 /home/chino/.cache/arduino/cores/b33ea8f076ba2621fc385f50ce94a4a2/core.a(hooks.c.o)
 .comment       0x0000000000000033       0x34 /home/chino/.cache/arduino/cores/b33ea8f076ba2621fc385f50ce94a4a2/core.a(main.cpp.o)
 .comment       0x0000000000000033       0x34 /home/chino/.cache/arduino/cores/b33ea8f076ba2621fc385f50ce94a4a2/core.a(wiring_analog.c.o)
 .comment       0x0000000000000033       0x34 /home/chino/.cache/arduino/cores/b33ea8f076ba2621fc385f50ce94a4a2/core.a(wiring_digital.c.o)
 .comment       0x0000000000000033       0x34 /home/chino/.cache/arduino/cores/b33ea8f076ba2621fc385f50ce94a4a2/core.a(wiring_time.c.o)

.debug_frame    0x0000000000000000      0x550
 .debug_frame   0x0000000000000000       0x28 /home/chino/.arduino15/packages/UIAP/tools/riscv-none-embed-gcc/8.2.0/bin/../lib/gcc/riscv-none-embed/8.2.0/../../../../riscv-none-embed/lib/rv32ecxw/ilp32e/libc_nano.a(lib_a-abort.o)
 .debug_frame   0x0000000000000028       0x20 /home/chino/.arduino15/packages/UIAP/tools/riscv-none-embed-gcc/8.2.0/bin/../lib/gcc/riscv-none-embed/8.2.0/../../../../riscv-none-embed/lib/rv32ecxw/ilp32e/libc_nano.a(lib_a-atexit.o)
 .debug_frame   0x0000000000000048       0x38 /home/chino/.arduino15/packages/UIAP/tools/riscv-none-embed-gcc/8.2.0/bin/../lib/gcc/riscv-none-embed/8.2.0/../../../../riscv-none-embed/lib/rv32ecxw/ilp32e/libc_nano.a(lib_a-fini.o)
 .debug_frame   0x0000000000000080       0x38 /home/chino/.arduino15/packages/UIAP/tools/riscv-none-embed-gcc/8.2.0/bin/../lib/gcc/riscv-none-embed/8.2.0/../../../../riscv-none-embed/lib/rv32ecxw/ilp32e/libc_nano.a(lib_a-init.o)
 .debug_frame   0x00000000000000b8       0x30 /home/chino/.arduino15/packages/UIAP/tools/riscv-none-embed-gcc/8.2.0/bin/../lib/gcc/riscv-none-embed/8.2.0/../../../../riscv-none-embed/lib/rv32ecxw/ilp32e/libc_nano.a(lib_a-malloc.o)
 .debug_frame   0x00000000000000e8       0x40 /home/chino/.arduino15/packages/UIAP/tools/riscv-none-embed-gcc/8.2.0/bin/../lib/gcc/riscv-none-embed/8.2.0/../../../../riscv-none-embed/lib/rv32ecxw/ilp32e/libc_nano.a(lib_a-nano-freer.o)
 .debug_frame   0x0000000000000128       0x38 /home/chino/.arduino15/packages/UIAP/tools/riscv-none-embed-gcc/8.2.0/bin/../lib/gcc/riscv-none-embed/8.2.0/../../../../riscv-none-embed/lib/rv32ecxw/ilp32e/libc_nano.a(lib_a-nano-mallocr.o)
 .debug_frame   0x0000000000000160       0x30 /home/chino/.arduino15/packages/UIAP/tools/riscv-none-embed-gcc/8.2.0/bin/../lib/gcc/riscv-none-embed/8.2.0/../../../../riscv-none-embed/lib/rv32ecxw/ilp32e/libc_nano.a(lib_a-sbrkr.o)
 .debug_frame   0x0000000000000190       0xe8 /home/chino/.arduino15/packages/UIAP/tools/riscv-none-embed-gcc/8.2.0/bin/../lib/gcc/riscv-none-embed/8.2.0/../../../../riscv-none-embed/lib/rv32ecxw/ilp32e/libc_nano.a(lib_a-signal.o)
 .debug_frame   0x0000000000000278       0x40 /home/chino/.arduino15/packages/UIAP/tools/riscv-none-embed-gcc/8.2.0/bin/../lib/gcc/riscv-none-embed/8.2.0/../../../../riscv-none-embed/lib/rv32ecxw/ilp32e/libc_nano.a(lib_a-signalr.o)
 .debug_frame   0x00000000000002b8       0x20 /home/chino/.arduino15/packages/UIAP/tools/riscv-none-embed-gcc/8.2.0/bin/../lib/gcc/riscv-none-embed/8.2.0/../../../../riscv-none-embed/lib/rv32ecxw/ilp32e/libc_nano.a(lib_a-__atexit.o)
 .debug_frame   0x00000000000002d8       0x48 /home/chino/.arduino15/packages/UIAP/tools/riscv-none-embed-gcc/8.2.0/bin/../lib/gcc/riscv-none-embed/8.2.0/../../../../riscv-none-embed/lib/rv32ecxw/ilp32e/libc_nano.a(lib_a-__call_atexit.o)
 .debug_frame   0x0000000000000320      0x13c /home/chino/.arduino15/packages/UIAP/tools/riscv-none-embed-gcc/8.2.0/bin/../lib/gcc/riscv-none-embed/8.2.0/../../../../riscv-none-embed/lib/rv32ecxw/ilp32e/libc_nano.a(lib_a-findfp.o)
 .debug_frame   0x000000000000045c       0x30 /home/chino/.arduino15/packages/UIAP/tools/riscv-none-embed-gcc/8.2.0/bin/../lib/gcc/riscv-none-embed/8.2.0/../../../../riscv-none-embed/lib/rv32ecxw/ilp32e/libc_nano.a(lib_a-mlock.o)
 .debug_frame   0x000000000000048c       0x64 /home/chino/.arduino15/packages/UIAP/tools/riscv-none-embed-gcc/8.2.0/bin/../lib/gcc/riscv-none-embed/8.2.0/../../../../riscv-none-embed/lib/rv32ecxw/ilp32e/libc_nano.a(lib_a-reent.o)
 .debug_frame   0x00000000000004f0       0x20 /home/chino/.arduino15/packages/UIAP/tools/riscv-none-embed-gcc/8.2.0/bin/../lib/gcc/riscv-none-embed/8.2.0/../../../../riscv-none-embed/lib/rv32ecxw/ilp32e/libnosys.a(getpid.o)
 .debug_frame   0x0000000000000510       0x20 /home/chino/.arduino15/packages/UIAP/tools/riscv-none-embed-gcc/8.2.0/bin/../lib/gcc/riscv-none-embed/8.2.0/../../../../riscv-none-embed/lib/rv32ecxw/ilp32e/libnosys.a(kill.o)
 .debug_frame   0x0000000000000530       0x20 /home/chino/.arduino15/packages/UIAP/tools/riscv-none-embed-gcc/8.2.0/bin/../lib/gcc/riscv-none-embed/8.2.0/../../../../riscv-none-embed/lib/rv32ecxw/ilp32e/libnosys.a(_exit.o)

.stabstr        0x0000000000000000      0x115
 .stabstr       0x0000000000000000      0x115 /home/chino/.arduino15/packages/UIAP/tools/riscv-none-embed-gcc/8.2.0/bin/../lib/gcc/riscv-none-embed/8.2.0/../../../../riscv-none-embed/lib/rv32ecxw/ilp32e/libnosys.a(close.o)

.stab           0x0000000000000000       0x30
 .stab          0x0000000000000000       0x18 /home/chino/.arduino15/packages/UIAP/tools/riscv-none-embed-gcc/8.2.0/bin/../lib/gcc/riscv-none-embed/8.2.0/../../../../riscv-none-embed/lib/rv32ecxw/ilp32e/libnosys.a(getpid.o)
                                         0x24 (size before relaxing)
 .stab          0x0000000000000018       0x18 /home/chino/.arduino15/packages/UIAP/tools/riscv-none-embed-gcc/8.2.0/bin/../lib/gcc/riscv-none-embed/8.2.0/../../../../riscv-none-embed/lib/rv32ecxw/ilp32e/libnosys.a(kill.o)
                                         0x24 (size before relaxing)
